// Jest Snapshot v1, https://goo.gl/fbAQLP

exports[`Header should match the snapshot 1`] = `
<View
  style={
    {
      "backgroundColor": "rgba(255, 255, 255, 1)",
      "flexDirection": "row",
      "justifyContent": "space-between",
    }
  }
>
  <View
    style={
      {
        "backgroundColor": "rgba(255, 255, 255, 1)",
        "flexDirection": "row",
        "justifyContent": "space-between",
      }
    }
  >
    <Text
      style={
        [
          {
            "textAlign": "left",
          },
          {
            "color": "rgba(28, 27, 31, 1)",
            "fontFamily": "System",
            "fontWeight": "400",
            "letterSpacing": 0,
          },
          {
            "writingDirection": "ltr",
          },
          {
            "color": "rgba(33, 0, 93, 1)",
            "fontSize": 16,
            "fontWeight": "bold",
            "padding": 24,
            "textAlign": "center",
          },
        ]
      }
      testID="title"
    >
      Test Header
    </Text>
  </View>
</View>
`;
